kafdrop\controller\AclController.class
kafdrop\service\MessageInspector.class
META-INF\spring-configuration-metadata.json
kafdrop\controller\ClusterController$ClusterInfoVO.class
kafdrop\controller\MessageController$PartitionOffsetInfo.class
kafdrop\model\ConsumerVO.class
kafdrop\util\ProtobufSchemaRegistryMessageDeserializer.class
kafdrop\config\SwaggerConfiguration$JsonRequestHandlerPredicate.class
kafdrop\model\TopicPartitionVO.class
kafdrop\config\CorsConfiguration$1.class
kafdrop\service\KafkaAdminClientException.class
kafdrop\model\TopicPartitionVO$PartitionReplica.class
kafdrop\service\NotInitializedException.class
kafdrop\config\ini\IniFileReader.class
kafdrop\model\ClusterSummaryVO.class
kafdrop\util\DefaultMessageDeserializer.class
kafdrop\util\MessageFormat.class
kafdrop\util\ProtobufMessageDeserializer.class
kafdrop\config\InterceptorConfiguration$ProfileHandlerInterceptor.class
kafdrop\Kafdrop.class
kafdrop\model\AclVO.class
kafdrop\controller\BrokerController.class
kafdrop\Kafdrop$LoggingConfigurationListener.class
kafdrop\controller\KafkaExceptionHandler.class
kafdrop\util\AvroMessageDeserializer.class
kafdrop\util\MsgPackMessageDeserializer.class
kafdrop\config\CorsConfiguration.class
kafdrop\config\KafkaConfiguration.class
kafdrop\service\BuildInfo.class
kafdrop\config\ini\IniFileProperties.class
kafdrop\service\TopicNotFoundException.class
kafdrop\config\SwaggerConfiguration$IgnoreDebugPathPredicate.class
kafdrop\model\ConsumerTopicVO.class
kafdrop\controller\BasicErrorController.class
kafdrop\config\SchemaRegistryConfiguration$SchemaRegistryProperties.class
kafdrop\config\HealthCheckConfiguration.class
kafdrop\config\ProtobufDescriptorConfiguration$ProtobufDescriptorProperties$1.class
kafdrop\Kafdrop$1.class
kafdrop\service\KafkaMonitorImpl$ConsumerGroupOffsets.class
kafdrop\util\MessageDeserializer.class
kafdrop\config\MessageFormatConfiguration$MessageFormatProperties.class
kafdrop\service\KafkaMonitorImpl.class
kafdrop\controller\MessageController.class
kafdrop\service\KafkaHighLevelAdminClient$ClusterDescription.class
kafdrop\config\SchemaRegistryConfiguration.class
kafdrop\config\SwaggerConfiguration.class
kafdrop\util\KeyFormat.class
kafdrop\model\CreateTopicVO.class
kafdrop\controller\ClusterController.class
kafdrop\model\MessageVO.class
kafdrop\config\ProtobufDescriptorConfiguration$ProtobufDescriptorProperties.class
kafdrop\model\TopicVO.class
kafdrop\config\KafkaConfigurationException.class
kafdrop\model\ConsumerPartitionVO.class
kafdrop\controller\ConsumerController.class
kafdrop\service\BrokerNotFoundException.class
kafdrop\controller\ConsumerNotFoundException.class
kafdrop\util\Deserializers.class
kafdrop\config\ProtobufDescriptorConfiguration.class
kafdrop\util\ByteUtils.class
kafdrop\config\MessageFormatConfiguration.class
kafdrop\model\BrokerVO.class
kafdrop\config\InterceptorConfiguration.class
kafdrop\service\KafkaHighLevelAdminClient.class
kafdrop\controller\TopicController.class
kafdrop\Kafdrop$EnvironmentSetupListener.class
kafdrop\config\HealthCheckConfiguration$HealthCheck.class
kafdrop\service\KafkaHighLevelConsumer.class
kafdrop\util\DeserializationException.class
kafdrop\service\KafkaMonitor.class
kafdrop\config\ini\IniFilePropertySource.class
