E:\kafdrop\src\main\java\kafdrop\service\KafkaMonitorImpl.java
E:\kafdrop\src\main\java\kafdrop\model\ConsumerVO.java
E:\kafdrop\src\main\java\kafdrop\service\KafkaHighLevelAdminClient.java
E:\kafdrop\src\main\java\kafdrop\config\MessageFormatConfiguration.java
E:\kafdrop\src\main\java\kafdrop\controller\TopicController.java
E:\kafdrop\src\main\java\kafdrop\util\KeyFormat.java
E:\kafdrop\src\main\java\kafdrop\controller\MessageController.java
E:\kafdrop\src\main\java\kafdrop\model\TopicVO.java
E:\kafdrop\src\main\java\kafdrop\config\ini\IniFileProperties.java
E:\kafdrop\src\main\java\kafdrop\util\MsgPackMessageDeserializer.java
E:\kafdrop\src\main\java\kafdrop\config\KafkaConfiguration.java
E:\kafdrop\src\main\java\kafdrop\model\BrokerVO.java
E:\kafdrop\src\main\java\kafdrop\config\ini\IniFileReader.java
E:\kafdrop\src\main\java\kafdrop\service\TopicNotFoundException.java
E:\kafdrop\src\main\java\kafdrop\model\CreateTopicVO.java
E:\kafdrop\src\main\java\kafdrop\model\TopicPartitionVO.java
E:\kafdrop\src\main\java\kafdrop\config\CorsConfiguration.java
E:\kafdrop\src\main\java\kafdrop\config\HealthCheckConfiguration.java
E:\kafdrop\src\main\java\kafdrop\util\DefaultMessageDeserializer.java
E:\kafdrop\src\main\java\kafdrop\config\SwaggerConfiguration.java
E:\kafdrop\src\main\java\kafdrop\controller\ClusterController.java
E:\kafdrop\src\main\java\kafdrop\util\Deserializers.java
E:\kafdrop\src\main\java\kafdrop\service\KafkaMonitor.java
E:\kafdrop\src\main\java\kafdrop\service\MessageInspector.java
E:\kafdrop\src\main\java\kafdrop\config\ini\IniFilePropertySource.java
E:\kafdrop\src\main\java\kafdrop\service\BrokerNotFoundException.java
E:\kafdrop\src\main\java\kafdrop\service\KafkaHighLevelConsumer.java
E:\kafdrop\src\main\java\kafdrop\util\ProtobufSchemaRegistryMessageDeserializer.java
E:\kafdrop\src\main\java\kafdrop\controller\ConsumerController.java
E:\kafdrop\src\main\java\kafdrop\util\MessageDeserializer.java
E:\kafdrop\src\main\java\kafdrop\model\MessageVO.java
E:\kafdrop\src\main\java\kafdrop\config\InterceptorConfiguration.java
E:\kafdrop\src\main\java\kafdrop\config\ProtobufDescriptorConfiguration.java
E:\kafdrop\src\main\java\kafdrop\Kafdrop.java
E:\kafdrop\src\main\java\kafdrop\model\ConsumerPartitionVO.java
E:\kafdrop\src\main\java\kafdrop\service\NotInitializedException.java
E:\kafdrop\src\main\java\kafdrop\controller\AclController.java
E:\kafdrop\src\main\java\kafdrop\service\BuildInfo.java
E:\kafdrop\src\main\java\kafdrop\controller\ConsumerNotFoundException.java
E:\kafdrop\src\main\java\kafdrop\util\ByteUtils.java
E:\kafdrop\src\main\java\kafdrop\util\MessageFormat.java
E:\kafdrop\src\main\java\kafdrop\controller\BasicErrorController.java
E:\kafdrop\src\main\java\kafdrop\config\KafkaConfigurationException.java
E:\kafdrop\src\main\java\kafdrop\controller\BrokerController.java
E:\kafdrop\src\main\java\kafdrop\controller\KafkaExceptionHandler.java
E:\kafdrop\src\main\java\kafdrop\model\ConsumerTopicVO.java
E:\kafdrop\src\main\java\kafdrop\util\DeserializationException.java
E:\kafdrop\src\main\java\kafdrop\model\ClusterSummaryVO.java
E:\kafdrop\src\main\java\kafdrop\config\SchemaRegistryConfiguration.java
E:\kafdrop\src\main\java\kafdrop\util\AvroMessageDeserializer.java
E:\kafdrop\src\main\java\kafdrop\model\AclVO.java
E:\kafdrop\src\main\java\kafdrop\service\KafkaAdminClientException.java
E:\kafdrop\src\main\java\kafdrop\util\ProtobufMessageDeserializer.java
